// Jest Snapshot v1, https://goo.gl/fbAQLP

exports[`renders without crashing 1`] = `
<DocumentFragment>
  <header>
    <h2
      class="fancy-h2"
      data-testid="h2tag"
    >
       Hello!
    </h2>
  </header>
</DocumentFragment>
`;
